// Jest Snapshot v1, https://goo.gl/fbAQLP

exports[`App should match the snapshot 1`] = `
ShallowWrapper {
  Symbol(enzyme.__root__): [Circular],
  Symbol(enzyme.__unrendered__): <App />,
  Symbol(enzyme.__renderer__): Object {
    "batchedUpdates": [Function],
    "getNode": [Function],
    "render": [Function],
    "simulateError": [Function],
    "simulateEvent": [Function],
    "unmount": [Function],
  },
  Symbol(enzyme.__node__): Object {
    "instance": null,
    "key": undefined,
    "nodeType": "host",
    "props": Object {
      "children": Array [
        <Header
          getCleanUsers={[Function]}
          hideForm={[Function]}
          showForm={[Function]}
          showReincarnatedUsers={[Function]}
        />,
        <DateSubmitForm
          handleDeathSubmit={[Function]}
          headerText="WHO ARE YOU?"
          inputOneText="what is your name?"
          inputTwoText="what is your birthday?"
        />,
        false,
        false,
      ],
    },
    "ref": null,
    "rendered": Array [
      Object {
        "instance": null,
        "key": undefined,
        "nodeType": "class",
        "props": Object {
          "getCleanUsers": [Function],
          "hideForm": [Function],
          "showForm": [Function],
          "showReincarnatedUsers": [Function],
        },
        "ref": null,
        "rendered": null,
        "type": [Function],
      },
      Object {
        "instance": null,
        "key": undefined,
        "nodeType": "class",
        "props": Object {
          "handleDeathSubmit": [Function],
          "headerText": "WHO ARE YOU?",
          "inputOneText": "what is your name?",
          "inputTwoText": "what is your birthday?",
          "showReincarnation": undefined,
        },
        "ref": null,
        "rendered": null,
        "type": [Function],
      },
      false,
      false,
    ],
    "type": "div",
  },
  Symbol(enzyme.__nodes__): Array [
    Object {
      "instance": null,
      "key": undefined,
      "nodeType": "host",
      "props": Object {
        "children": Array [
          <Header
            getCleanUsers={[Function]}
            hideForm={[Function]}
            showForm={[Function]}
            showReincarnatedUsers={[Function]}
          />,
          <DateSubmitForm
            handleDeathSubmit={[Function]}
            headerText="WHO ARE YOU?"
            inputOneText="what is your name?"
            inputTwoText="what is your birthday?"
          />,
          false,
          false,
        ],
      },
      "ref": null,
      "rendered": Array [
        Object {
          "instance": null,
          "key": undefined,
          "nodeType": "class",
          "props": Object {
            "getCleanUsers": [Function],
            "hideForm": [Function],
            "showForm": [Function],
            "showReincarnatedUsers": [Function],
          },
          "ref": null,
          "rendered": null,
          "type": [Function],
        },
        Object {
          "instance": null,
          "key": undefined,
          "nodeType": "class",
          "props": Object {
            "handleDeathSubmit": [Function],
            "headerText": "WHO ARE YOU?",
            "inputOneText": "what is your name?",
            "inputTwoText": "what is your birthday?",
            "showReincarnation": undefined,
          },
          "ref": null,
          "rendered": null,
          "type": [Function],
        },
        false,
        false,
      ],
      "type": "div",
    },
  ],
  Symbol(enzyme.__options__): Object {
    "adapter": ReactSixteenAdapter {
      "options": Object {
        "enableComponentDidUpdateOnSetState": true,
        "lifecycles": Object {
          "componentDidUpdate": Object {
            "onSetState": true,
          },
          "getDerivedStateFromProps": true,
          "getSnapshotBeforeUpdate": true,
          "setState": Object {
            "skipsComponentDidUpdateOnNullish": true,
          },
        },
      },
    },
    "disableLifecycleMethods": true,
  },
}
`;
